
# A fatal error has been detected by the Java Runtime Environment:
#
#  SIGSEGV (0xb) at pc=0x000072cfb19fe11b, pid=19301, tid=19322
#
# JRE version: OpenJDK Runtime Environment (26.0.1+8) (build 26.0.1+8-34)
# Java VM: OpenJDK 64-Bit Server VM (26.0.1+8-34, mixed mode, sharing, tiered, compressed oops, compressed class ptrs, g1 gc, linux-amd64)
# Problematic frame:
# V  [libjvm.so+0xffe11b]  SuperWordVTransformBuilder::get_vtnode_or_wrap_as_outer(Node*)+0x1b
#
# Core dump will be written. Default location: Determined by the following: "/usr/share/apport/apport -p%p -s%s -c%c -d%d -P%P -u%u -g%g -F%F -- %E" (alternatively, falling back to /home/luiz-felipe/Documents/UFS/3rd_semester/Data Structure/1st_project/analise-estrutura-de-dados/core.19301)
#
# If you would like to submit a bug report, please visit:
#   https://bugreport.java.com/bugreport/crash.jsp
#

---------------  S U M M A R Y ------------

Command Line: -javaagent:/home/luiz-felipe/.local/share/JetBrains/Toolbox/apps/intellij-idea-2/lib/intellij.platform.coverage.agent.jar=/tmp/coverageargs -Didea.coverage.calculate.hits=true -javaagent:/home/luiz-felipe/.local/share/JetBrains/Toolbox/apps/intellij-idea-2/lib/idea_rt.jar=38291 -Dfile.encoding=UTF-8 -Dsun.stdout.encoding=UTF-8 -Dsun.stderr.encoding=UTF-8 TesteOrdenacao

Host: AMD Ryzen 5 5500U with Radeon Graphics, 12 cores, 14G, Ubuntu 24.04.4 LTS
Time: Thu Jul  2 01:20:08 2026 -03 elapsed time: 0.567597 seconds (0d 0h 0m 0s)

---------------  T H R E A D  ---------------

Current thread (0x000072cfac10d2e0):  JavaThread "C2 CompilerThread0" daemon [_thread_in_native, id=19322, stack(0x000072cf7edf3000,0x000072cf7eef3000) (1024K)]


Current CompileTask:
C2:567  949       4       datastructures.ListaArranjo.ListaArranjo::merge (486 bytes)

Stack: [0x000072cf7edf3000,0x000072cf7eef3000],  sp=0x000072cf7eeed760,  free space=1001k
Native frames: (J=compiled Java code, j=interpreted, Vv=VM code, C=native code)
V  [libjvm.so+0xffe11b]  SuperWordVTransformBuilder::get_vtnode_or_wrap_as_outer(Node*)+0x1b
V  [libjvm.so+0x100060e]  SuperWordVTransformBuilder::build_inputs_for_vector_vtnodes(VectorSet&)+0x29e
V  [libjvm.so+0x1000cd2]  SuperWordVTransformBuilder::build()+0x32
V  [libjvm.so+0xff866d]  SuperWord::do_vtransform() const [clone .part.0]+0x1cd
V  [libjvm.so+0xd06d90]  PhaseIdealLoop::auto_vectorize(IdealLoopTree*, VSharedData&)+0x470
V  [libjvm.so+0xcf46f9]  PhaseIdealLoop::build_and_optimize()+0xa69
V  [libjvm.so+0x6f82be]  Compile::optimize_loops(PhaseIterGVN&, LoopOptsMode)+0x33e
V  [libjvm.so+0x70009d]  Compile::Optimize()+0x9bd
V  [libjvm.so+0x70489b]  Compile::Compile(ciEnv*, ciMethod*, int, Options, DirectiveSet*)+0x108b
V  [libjvm.so+0x61beb1]  C2Compiler::compile_method(ciEnv*, ciMethod*, int, bool, DirectiveSet*)+0x1c1
V  [libjvm.so+0x70bbd1]  CompileBroker::invoke_compiler_on_method(CompileTask*)+0x951
V  [libjvm.so+0x70cdf0]  CompileBroker::compiler_thread_loop()+0x4d0
V  [libjvm.so+0xa02968]  JavaThread::thread_main_inner() [clone .part.0]+0xb8
V  [libjvm.so+0x10622df]  Thread::call_run()+0x9f
V  [libjvm.so+0xe37966]  thread_native_entry(Thread*)+0xc6
C  [libc.so.6+0x9caa4]

siginfo: si_signo: 11 (SIGSEGV), si_code: 1 (SEGV_MAPERR), si_addr: 0x0000000000000028

Registers:
RAX=0x000072cf501f1758, RBX=0x000072cf7eeed920, RCX=0x000000000000089c, RDX=0x0000000000000030
RSP=0x000072cf7eeed760, RBP=0x000072cf7eeed7b0, RSI=0x0000000000000000, RDI=0x000072cf7eeed920
R8 =0x000072cf44002cd0, R9 =0x000072cfac233320, R10=0x000072cf7eeee1a0, R11=0x000072cf501a1be8
R12=0x0000000000000000, R13=0x000072cf7eeed940, R14=0x0000000000000000, R15=0x000072cfac1d0c00
RIP=0x000072cfb19fe11b, EFLAGS=0x0000000000010206, CSGSFS=0x002b000000000033, ERR=0x0000000000000004
  TRAPNO=0x000000000000000e

XMM[0]=0x000072cfac10dd20 0x000072cf4440b028
XMM[1]=0x0000000000000000 0x000072cfac10dd20
XMM[2]=0x0000000000000000 0x0000000000000003
XMM[3]=0x0000000000000000 0x0000000000000001
XMM[4]=0x0000000000000000 0x0000000000000002
XMM[5]=0x0000000000000000 0x0000000000000003
XMM[6]=0x0000000000000000 0x0000000000000003
XMM[7]=0x000072cf501f14b0 0x0000000700000000
XMM[8]=0x000072cf441e6240 0x000072cf441e71c0
XMM[9]=0x0000000000000000 0x46293e5939a08cea
XMM[10]=0x0000000000000000 0x4376345785d8a000
XMM[11]=0x240ca1cc0fc19dc6 0xefbe4786e49b69c1
XMM[12]=0xc19bf1749bdc06a7 0x80deb1fe72be5d74
XMM[13]=0x550c7dc3243185be 0x12835b01d807aa98
XMM[14]=0xab1c5ed5923f82a4 0x59f111f13956c25b
XMM[15]=0x0000000000000000 0x0000000000000000
  MXCSR=0x00001fa2


Register to memory mapping:

RAX=0x000072cf501f1758 points into unknown readable memory: 0x0000000000000000 | 00 00 00 00 00 00 00 00
RBX=0x000072cf7eeed920 is pointing into the stack for thread: 0x000072cfac10d2e0
RCX=0x000000000000089c is an unknown value
RDX=0x0000000000000030 is an unknown value
RSP=0x000072cf7eeed760 is pointing into the stack for thread: 0x000072cfac10d2e0
RBP=0x000072cf7eeed7b0 is pointing into the stack for thread: 0x000072cfac10d2e0
RSI=0x0 is null
RDI=0x000072cf7eeed920 is pointing into the stack for thread: 0x000072cfac10d2e0
R8 =0x000072cf44002cd0 points into unknown readable memory: 0x000072cfb1ec25b8 | b8 25 ec b1 cf 72 00 00
R9 =0x000072cfac233320 points into unknown readable memory: 0x0000000400000002 | 02 00 00 00 04 00 00 00
R10=0x000072cf7eeee1a0 is pointing into the stack for thread: 0x000072cfac10d2e0
R11=0x000072cf501a1be8 points into unknown readable memory: 0x000072cf44258c80 | 80 8c 25 44 cf 72 00 00
R12=0x0 is null
R13=0x000072cf7eeed940 is pointing into the stack for thread: 0x000072cfac10d2e0
R14=0x0 is null
R15=0x000072cfac1d0c00 points into unknown readable memory: 0x000072cfb1ec53f8 | f8 53 ec b1 cf 72 00 00

Top of Stack: (sp=0x000072cf7eeed760)
0x000072cf7eeed760:   000072cf501886e8 000072cf00000008   ...P.r.......r..
0x000072cf7eeed770:   0000720100000000 000072cf00000020   .....r.. ....r..
0x000072cf7eeed780:   0000000000000010 000072cf4426cd10   ..........&D.r..
0x000072cf7eeed790:   000072cf7eeed920 000072cf501f1710    ..~.r.....P.r..
0x000072cf7eeed7a0:   0000000000000000 000072cfac1d0c00   .............r..
0x000072cf7eeed7b0:   000072cf7eeed810 000072cfb1a0060e   ...~.r.......r..
0x000072cf7eeed7c0:   0000000100000001 000072cf00000001   .............r..
0x000072cf7eeed7d0:   000072cf7eeed940 000072cf7eeed820   @..~.r.. ..~.r..
0x000072cf7eeed7e0:   0000000000007fd8 000072cf7eeed920   ........ ..~.r..
0x000072cf7eeed7f0:   000072cf7eeed820 000072cf44405900    ..~.r...Y@D.r..
0x000072cf7eeed800:   000072cf4440d8f0 000072cfac10dd20   ..@D.r.. ....r..
0x000072cf7eeed810:   000072cf7eeed850 000072cfb1a00cd2   P..~.r.......r..
0x000072cf7eeed820:   0000000200000000 000072cf4440b028   ........(.@D.r..
0x000072cf7eeed830:   000072cfac10dd20 0000000000000049    ....r..I.......
0x000072cf7eeed840:   000072cf7eeed880 000072cf7eeed890   ...~.r.....~.r..
0x000072cf7eeed850:   000072cf7eeee180 000072cfb19f866d   ...~.r..m....r..
0x000072cf7eeed860:   000072cf44405900 000072cf4440a950   .Y@D.r..P.@D.r..
0x000072cf7eeed870:   0000000000030310 000072cf4440a950   ........P.@D.r..
0x000072cf7eeed880:   000072cf7eeee2e0 000072cf7eeee1a0   ...~.r.....~.r..
0x000072cf7eeed890:   000072cf50000807 00000000000083b0   ...P.r..........
0x000072cf7eeed8a0:   000072cf5002b840 000072cfac1d09a0   @..P.r.......r..
0x000072cf7eeed8b0:   000072cfac1d57d0 000072cfac1d8990   .W...r.......r..
0x000072cf7eeed8c0:   000072cf7eeee2e0 000072cf7eeee1a0   ...~.r.....~.r..
0x000072cf7eeed8d0:   0000000000000044 0000004900000044   D.......D...I...
0x000072cf7eeed8e0:   000072cf5002b858 000072cf7eeed890   X..P.r.....~.r..
0x000072cf7eeed8f0:   0000004900000000 000072cfac1d09b8   ....I........r..
0x000072cf7eeed900:   000072cf7eeed890 0000000000000000   ...~.r..........
0x000072cf7eeed910:   000072cf00000000 000072cf7eeedab0   .....r.....~.r..
0x000072cf7eeed920:   000072cf7eeee2e0 000072cf7eeee1a0   ...~.r.....~.r..
0x000072cf7eeed930:   000072cf7eeee290 000072cf7eeed880   ...~.r.....~.r..
0x000072cf7eeed940:   0000000000000000 0000000000000000   ................
0x000072cf7eeed950:   0000000000000000 0000000000000000   ................

Instructions: (pc=0x000072cfb19fe11b)
  0x000072cfb19fe01b:   53 48 89 fb 48 8d 7f 20 48 83 ec 28 48 c7 45 b0
  0x000072cfb19fe02b:   00 00 00 00 48 89 7d b8 66 66 2e 0f 1f 84 00 00
  0x000072cfb19fe03b:   00 00 00 66 90 48 8b 7d b0 48 8b 40 18 4c 8b 2c
  0x000072cfb19fe04b:   f8 48 89 df 4c 89 ee e8 a9 de ff ff 48 89 45 c0
  0x000072cfb19fe05b:   41 8b 45 1c 85 c0 74 69 45 31 ff 66 2e 0f 1f 84
  0x000072cfb19fe06b:   00 00 00 00 00 49 8b 45 10 48 8b 4d b8 31 f6 bf
  0x000072cfb19fe07b:   18 00 00 00 4a 8b 04 f8 49 83 c7 01 8b 50 28 41
  0x000072cfb19fe08b:   89 d6 89 55 cc 41 c1 ee 03 41 31 d6 41 0f b6 c6
  0x000072cfb19fe09b:   4c 8d 24 c1 e8 9c 79 ee ff f3 0f 7e 45 c0 8b 55
  0x000072cfb19fe0ab:   cc 41 0f 16 04 24 44 89 30 89 50 04 0f 11 40 08
  0x000072cfb19fe0bb:   49 89 04 24 83 83 20 08 00 00 01 45 3b 7d 1c 72
  0x000072cfb19fe0cb:   a4 48 8b 43 10 48 83 45 b0 01 48 8b 75 b0 39 70
  0x000072cfb19fe0db:   10 0f 8f 5e ff ff ff 48 83 c4 28 5b 41 5c 41 5d
  0x000072cfb19fe0eb:   41 5e 41 5f 5d c3 c3 66 66 2e 0f 1f 84 00 00 00
  0x000072cfb19fe0fb:   00 00 0f 1f 00 55 48 89 e5 41 57 41 56 41 55 4c
  0x000072cfb19fe10b:   8d 6f 20 41 54 49 89 f4 53 48 89 fb 48 83 ec 28
=>0x000072cfb19fe11b:   8b 4e 28 89 ca c1 ea 03 31 ca 0f b6 c2 49 8b 44
  0x000072cfb19fe12b:   c5 00 48 85 c0 75 17 eb 3c 66 66 2e 0f 1f 84 00
  0x000072cfb19fe13b:   00 00 00 00 90 48 8b 40 10 48 85 c0 74 27 3b 10
  0x000072cfb19fe14b:   75 f3 3b 48 04 75 ee 4c 8b 70 08 4d 85 f6 74 15
  0x000072cfb19fe15b:   48 83 c4 28 4c 89 f0 5b 41 5c 41 5d 41 5e 41 5f
  0x000072cfb19fe16b:   5d c3 0f 1f 00 48 8b 43 18 bf 58 00 00 00 48 8d
  0x000072cfb19fe17b:   70 10 e8 ee cd 44 ff 49 89 c6 48 85 c0 0f 84 dd
  0x000072cfb19fe18b:   00 00 00 4c 8b 7b 18 41 8b 4c 24 18 41 c6 46 0c
  0x000072cfb19fe19b:   01 48 8d 05 15 62 59 00 49 89 06 be 08 00 00 00
  0x000072cfb19fe1ab:   41 8b 47 50 66 0f 6e c9 89 cf 89 4d c4 66 0f 70
  0x000072cfb19fe1bb:   c1 e0 8d 50 01 41 89 46 08 49 8d 47 10 41 89 57
  0x000072cfb19fe1cb:   50 48 89 c2 66 41 0f d6 46 10 66 0f d6 45 b8 48
  0x000072cfb19fe1db:   89 45 c8 e8 6d 5a 97 ff f3 0f 7e 45 b8 8b 4d c4
  0x000072cfb19fe1eb:   49 89 46 20 48 89 c7 66 41 0f d6 46 18 85 c9 7e
  0x000072cfb19fe1fb:   0d 89 ca 31 f6 48 c1 e2 03 e8 97 aa 2e ff 48 8b
  0x000072cfb19fe20b:   45 c8 be 08 00 00 00 bf 04 00 00 00 41 c7 46 30


Stack slot to memory mapping:

stack at sp + 0 slots: 0x000072cf501886e8 points into unknown readable memory: 0x000072cfb1f75c68 | 68 5c f7 b1 cf 72 00 00
stack at sp + 1 slots: 0x000072cf00000008 is an unknown value
stack at sp + 2 slots: 0x0000720100000000 is an unknown value
stack at sp + 3 slots: 0x000072cf00000020 is an unknown value
stack at sp + 4 slots: 0x0000000000000010 is an unknown value
stack at sp + 5 slots: 0x000072cf4426cd10 points into unknown readable memory: 0x000072cf7eeee200 | 00 e2 ee 7e cf 72 00 00
stack at sp + 6 slots: 0x000072cf7eeed920 is pointing into the stack for thread: 0x000072cfac10d2e0
stack at sp + 7 slots: 0x000072cf501f1710 points into unknown readable memory: 0x000072cfb1f79590 | 90 95 f7 b1 cf 72 00 00

Lock stack of current Java thread (top to bottom):


---------------  P R O C E S S  ---------------

Threads class SMR info:
_java_thread_list=0x000072cf4428d4a0, length=13, elements={
0x000072cfac02f770, 0x000072cfac1054c0, 0x000072cfac106670, 0x000072cfac108080,
0x000072cfac1098d0, 0x000072cfac10b110, 0x000072cfac10d2e0, 0x000072cfac10eca0,
0x000072cfac173f80, 0x000072cf440ebb70, 0x000072cfac1bcfa0, 0x000072cfac1cf270,
0x000072cf4428c050
}

Java Threads: ( => current thread )
  0x000072cfac02f770 JavaThread "main"                              [_thread_in_Java, id=19303, stack(0x000072cfb0900000,0x000072cfb0a00000) (1024K)]
  0x000072cfac1054c0 JavaThread "Reference Handler"          daemon [_thread_blocked, id=19316, stack(0x000072cf7f4f6000,0x000072cf7f5f6000) (1024K)]
  0x000072cfac106670 JavaThread "Finalizer"                  daemon [_thread_blocked, id=19318, stack(0x000072cf7f1f3000,0x000072cf7f2f3000) (1024K)]
  0x000072cfac108080 JavaThread "Signal Dispatcher"          daemon [_thread_blocked, id=19319, stack(0x000072cf7f0f3000,0x000072cf7f1f3000) (1024K)]
  0x000072cfac1098d0 JavaThread "Service Thread"             daemon [_thread_blocked, id=19320, stack(0x000072cf7eff3000,0x000072cf7f0f3000) (1024K)]
  0x000072cfac10b110 JavaThread "Monitor Deflation Thread"   daemon [_thread_blocked, id=19321, stack(0x000072cf7eef3000,0x000072cf7eff3000) (1024K)]
=>0x000072cfac10d2e0 JavaThread "C2 CompilerThread0"         daemon [_thread_in_native, id=19322, stack(0x000072cf7edf3000,0x000072cf7eef3000) (1024K)]
  0x000072cfac10eca0 JavaThread "C1 CompilerThread0"         daemon [_thread_blocked, id=19323, stack(0x000072cf7ecf3000,0x000072cf7edf3000) (1024K)]
  0x000072cfac173f80 JavaThread "Common-Cleaner"             daemon [_thread_blocked, id=19324, stack(0x000072cf7ebf3000,0x000072cf7ecf3000) (1024K)]
  0x000072cf440ebb70 JavaThread "C2 CompilerThread1"         daemon [_thread_blocked, id=19327, stack(0x000072cf7eaf3000,0x000072cf7ebf3000) (1024K)]
  0x000072cfac1bcfa0 JavaThread "Monitor Ctrl-Break"         daemon [_thread_in_native, id=19330, stack(0x000072cf7e9f3000,0x000072cf7eaf3000) (1024K)]
  0x000072cfac1cf270 JavaThread "Notification Thread"        daemon [_thread_blocked, id=19331, stack(0x000072cf7e8f3000,0x000072cf7e9f3000) (1024K)]
  0x000072cf4428c050 JavaThread "C2 CompilerThread2"         daemon [_thread_in_native, id=19333, stack(0x000072cf7e6f2000,0x000072cf7e7f2000) (1024K)]
Total: 13

Other Threads:
  0x000072cfac0fd4c0 VMThread "VM Thread"                           [id=19314, stack(0x000072cf7f2f4000,0x000072cf7f3f4000) (1024K)]
  0x000072cfac0eb8c0 WatcherThread "VM Periodic Task Thread"        [id=19313, stack(0x000072cf7f3f5000,0x000072cf7f4f5000) (1024K)]
  0x000072cfac07eee0 WorkerThread "GC Thread#0"                     [id=19304, stack(0x000072cf8e697000,0x000072cf8e797000) (1024K)]
  0x000072cf600086d0 WorkerThread "GC Thread#1"                     [id=19332, stack(0x000072cf7e7f3000,0x000072cf7e8f3000) (1024K)]
  0x000072cfac096e90 ConcurrentGCThread "G1 Main Marker"            [id=19305, stack(0x000072cf8e596000,0x000072cf8e696000) (1024K)]
  0x000072cfac098010 WorkerThread "G1 Conc#0"                       [id=19306, stack(0x000072cf8e495000,0x000072cf8e595000) (1024K)]
  0x000072cfac0dba50 WorkerThread "G1 Refinement Workers#0"         [id=19308, stack(0x000072cf7f6f8000,0x000072cf7f7f8000) (1024K)]
  0x000072cfac0da810 ConcurrentGCThread "G1 Refine Control"         [id=19307, stack(0x000072cf7f7f9000,0x000072cf7f8f9000) (1024K)]
  0x000072cfac0dcb40 ConcurrentGCThread "G1 Service"                [id=19309, stack(0x000072cf7f5f7000,0x000072cf7f6f7000) (1024K)]
Total: 9

Threads with active compile tasks:
C2 CompilerThread0  577  949       4       datastructures.ListaArranjo.ListaArranjo::merge (486 bytes)
C2 CompilerThread2  577  960 %     4       datastructures.ListaArranjo.ListaArranjo::partitionIt @ 35 (283 bytes)
Total: 2

VM state: not at safepoint (normal execution)

VM Mutex/Monitor currently owned by a thread: None

Heap address: 0x0000000710600000, size: 3834 MB, Compressed Oops mode: Zero based, Oop shift amount: 3

CDS archive(s) mapped at: [0x0000000023000000-0x0000000023da6000-0x0000000023da6000), size 14311424, SharedBaseAddress: 0x0000000023000000, ArchiveRelocationMode: 1.
Compressed class space mapped at: 0x0000000024000000-0x0000000064000000, reserved size: 1073741824
UseCompressedClassPointers 1, UseCompactObjectHeaders 0
Narrow klass pointer bits 32, Max shift 3
Narrow klass base: 0x0000000023000000, Narrow klass shift: 0
Encoding Range: [0x0000000023000000 - 0x0000000123000000), (4294967296 bytes)
Klass Range:    [0x0000000023000000 - 0x0000000064000000), (1090519040 bytes)
Klass ID Range:  [8 - 1090519033) (1090519025)
Protection zone: [0x0000000023000000 - 0x0000000023001000), (4096 bytes)

GC Precious Log:
 CardTable entry size: 512
 Card Set container configuration: InlinePtr #cards 4 size 8 Array Of Cards #cards 16 size 48 Howl #buckets 8 coarsen threshold 3686 Howl Bitmap #cards 512 size 80 coarsen threshold 460 Card regions per heap region 1 cards per card region 4096
 CPUs: 12 total, 12 available
 Memory: 15335M
 Large Page Support: Disabled
 NUMA Support: Disabled
 Compressed Oops: Enabled (Zero based)
 Heap Region Size: 2M
 Heap Min Capacity: 8M
 Heap Initial Capacity: 8M
 Heap Max Capacity: 3834M
 Pre-touch: Disabled
 Parallel Workers: 10
 Concurrent Workers: 3
 Concurrent Refinement Workers: 10
 Periodic GC: Disabled

Heap:
 garbage-first heap   total reserved 3926016K, committed 30720K, used 6957K [0x0000000710600000, 0x0000000800000000)
  region size 2M, 3 eden (6M), 1 survivor (2M), 2 old (4M), 0 humongous (0M), 9 free (18M)

Heap Regions: E=young(eden), S=young(survivor), O=old, HS=humongous(starts), HC=humongous(continues), CS=collection set, F=free, TAMS=top-at-mark-start, PB=parsable bottom
|    0|0x0000000710600000, 0x0000000710749d88, 0x0000000710800000| 64%| O|  |TAMS 0x0000000710600000| PB 0x0000000710600000| Untracked |  0
|    1|0x0000000710800000, 0x0000000710800000, 0x0000000710a00000|  0%| F|  |TAMS 0x0000000710800000| PB 0x0000000710800000| Untracked |  0
|    2|0x0000000710a00000, 0x0000000710a00000, 0x0000000710c00000|  0%| F|  |TAMS 0x0000000710a00000| PB 0x0000000710a00000| Untracked |  0
|    3|0x0000000710c00000, 0x0000000710c00000, 0x0000000710e00000|  0%| F|  |TAMS 0x0000000710c00000| PB 0x0000000710c00000| Untracked |  0
|    4|0x0000000710e00000, 0x0000000710e5d868, 0x0000000711000000| 18%| S|CS|TAMS 0x0000000710e00000| PB 0x0000000710e00000| Complete  |  0
|    5|0x0000000711000000, 0x0000000711000000, 0x0000000711200000|  0%| F|  |TAMS 0x0000000711000000| PB 0x0000000711000000| Untracked |  0
|    6|0x0000000711200000, 0x0000000711200000, 0x0000000711400000|  0%| F|  |TAMS 0x0000000711200000| PB 0x0000000711200000| Untracked |  0
|    7|0x0000000711400000, 0x0000000711400000, 0x0000000711600000|  0%| F|  |TAMS 0x0000000711400000| PB 0x0000000711400000| Untracked |  0
|    8|0x0000000711600000, 0x0000000711600000, 0x0000000711800000|  0%| F|  |TAMS 0x0000000711600000| PB 0x0000000711600000| Untracked |  0
|    9|0x0000000711800000, 0x0000000711800000, 0x0000000711a00000|  0%| F|  |TAMS 0x0000000711800000| PB 0x0000000711800000| Untracked |  0
|   10|0x0000000711a00000, 0x0000000711a00000, 0x0000000711c00000|  0%| F|  |TAMS 0x0000000711a00000| PB 0x0000000711a00000| Untracked |  0
|   11|0x0000000711c00000, 0x0000000711d3ce30, 0x0000000711e00000| 61%| E|CS|TAMS 0x0000000711c00000| PB 0x0000000711c00000| Complete  |  0
|   12|0x0000000711e00000, 0x0000000712000000, 0x0000000712000000|100%| E|CS|TAMS 0x0000000711e00000| PB 0x0000000711e00000| Complete  |  0
|   13|0x0000000712000000, 0x0000000712200000, 0x0000000712200000|100%| E|CS|TAMS 0x0000000712000000| PB 0x0000000712000000| Complete  |  0
| 1916|0x00000007ffe00000, 0x00000007fff24178, 0x0000000800000000| 57%| O|  |TAMS 0x00000007ffe00000| PB 0x00000007ffe00000| Untracked |  0

Card table byte_map: [0x000072cf92afc000,0x000072cf93279000] _byte_map_base: 0x000072cf8f279000
Refinement table byte_map: [0x000072cf9237f000,0x000072cf92afc000] _byte_map_base: 0x000072cf8eafc000

Marking Bits: (CMBitMap*) 0x000072cfac07fbe0
 Bits: [0x000072cf8e797000, 0x000072cf9237f000)

Polling page: 0x000072cfb253e000

Metaspace:
Metaspace        used 2697K, committed 2880K, reserved 1114112K
 class space     used 224K, committed 320K, reserved 1048576K

Usage:
  Non-class:      2.41 MB used.
      Class:    224.73 KB used.
       Both:      2.63 MB used.

Virtual space:
  Non-class space:       64.00 MB reserved,       2.50 MB (  4%) committed,  1 nodes.
      Class space:        1.00 GB reserved,     320.00 KB ( <1%) committed,  1 nodes.
             Both:        1.06 GB reserved,       2.81 MB ( <1%) committed. 

Chunk freelists:
   Non-Class:  11.85 MB
       Class:  15.70 MB
        Both:  27.55 MB

MaxMetaspaceSize: unlimited
CompressedClassSpaceSize: 1.00 GB
Initial GC threshold: 21.00 MB
Current GC threshold: 21.00 MB
CDS: on
 - commit_granule_bytes: 65536.
 - commit_granule_words: 8192.
 - virtual_space_node_default_size: 8388608.
 - enlarge_chunks_in_place: 1.
UseCompressedClassPointers 1, UseCompactObjectHeaders 0
Narrow klass pointer bits 32, Max shift 3
Narrow klass base: 0x0000000023000000, Narrow klass shift: 0
Encoding Range: [0x0000000023000000 - 0x0000000123000000), (4294967296 bytes)
Klass Range:    [0x0000000023000000 - 0x0000000064000000), (1090519040 bytes)
Klass ID Range:  [8 - 1090519033) (1090519025)
Protection zone: [0x0000000023000000 - 0x0000000023001000), (4096 bytes)


Internal statistics:

num_allocs_failed_limit: 0.
num_arena_births: 74.
num_arena_deaths: 0.
num_vsnodes_births: 2.
num_vsnodes_deaths: 0.
num_space_committed: 45.
num_space_uncommitted: 0.
num_chunks_returned_to_freelist: 0.
num_chunks_taken_from_freelist: 95.
num_chunk_merges: 0.
num_chunk_splits: 64.
num_chunks_enlarged: 27.
num_inconsistent_stats: 0.

CodeHeap 'non-profiled nmethods': size=120032Kb used=337Kb max_used=337Kb free=119694Kb
 bounds [0x000072cf9bcc8000, 0x000072cf9bf38000, 0x000072cfa3200000]
CodeHeap 'profiled nmethods': size=120032Kb used=1284Kb max_used=1284Kb free=118747Kb
 bounds [0x000072cf941fe000, 0x000072cf9446e000, 0x000072cf9b736000]
CodeHeap 'non-nmethods': size=5704Kb used=1429Kb max_used=1498Kb free=4275Kb
 bounds [0x000072cf9b736000, 0x000072cf9b9a6000, 0x000072cf9bcc8000]
CodeCache: size=245768Kb, used=3050Kb, max_used=3119Kb, free=242716Kb
 total_blobs=1451, nmethods=960, adapters=397, full_count=0
Compilation: enabled, stopped_count=0, restarted_count=0

Compilation events (20 events):
Event: 0.528 Thread 0x000072cf4428c050  913       4       java.util.ArrayList$SubList::toArray (79 bytes)
Event: 0.528 Thread 0x000072cfac10d2e0 nmethod 932 0x000072cf9bd18108 code [0x000072cf9bd18200, 0x000072cf9bd183b0]
Event: 0.529 Thread 0x000072cfac10eca0  941       3       sun.nio.cs.StreamDecoder::ensureOpen (18 bytes)
Event: 0.529 Thread 0x000072cfac10eca0 nmethod 941 0x000072cf94338308 code [0x000072cf94338400, 0x000072cf94338608]
Event: 0.529 Thread 0x000072cfac10eca0  944       3       sun.nio.cs.StreamDecoder::implRead (232 bytes)
Event: 0.529 Thread 0x000072cf4428c050 nmethod 913 0x000072cf9bd18408 code [0x000072cf9bd18500, 0x000072cf9bd18830]
Event: 0.530 Thread 0x000072cfac10eca0 nmethod 944 0x000072cf94338688 code [0x000072cf94338780, 0x000072cf94339968]
Event: 0.530 Thread 0x000072cfac10eca0  942       3       java.io.InputStreamReader::read (11 bytes)
Event: 0.530 Thread 0x000072cfac10eca0 nmethod 942 0x000072cf94339988 code [0x000072cf94339a80, 0x000072cf94339bd0]
Event: 0.530 Thread 0x000072cfac10eca0  943   !   3       sun.nio.cs.StreamDecoder::read (220 bytes)
Event: 0.533 Thread 0x000072cfac10eca0 nmethod 943 0x000072cf94339c88 code [0x000072cf94339d80, 0x000072cf9433ab30]
Event: 0.537 Thread 0x000072cfac10eca0  945       3       java.lang.StringLatin1::indexOf (121 bytes)
Event: 0.537 Thread 0x000072cfac10eca0 nmethod 945 0x000072cf9433ab88 code [0x000072cf9433ac80, 0x000072cf9433b0f0]
Event: 0.549 Thread 0x000072cfac10eca0  946       3       java.lang.StringLatin1::canEncode (13 bytes)
Event: 0.549 Thread 0x000072cfac10eca0 nmethod 946 0x000072cf9433b108 code [0x000072cf9433b200, 0x000072cf9433b320]
Event: 0.552 Thread 0x000072cfac10eca0  947       3       datastructures.ListaArranjo.ListaArranjo::recMergeSort (126 bytes)
Event: 0.552 Thread 0x000072cfac10eca0 nmethod 947 0x000072cf9433b408 code [0x000072cf9433b500, 0x000072cf9433b830]
Event: 0.552 Thread 0x000072cfac10eca0  948       3       datastructures.ListaArranjo.ListaArranjo::merge (486 bytes)
Event: 0.553 Thread 0x000072cfac10eca0 nmethod 948 0x000072cf9433b888 code [0x000072cf9433b980, 0x000072cf9433cb60]
Event: 0.553 Thread 0x000072cfac10d2e0  949       4       datastructures.ListaArranjo.ListaArranjo::merge (486 bytes)

GC Heap Usage History (10 events):
Event: 0.195 {heap Before GC invocations=0 (full 0):
 garbage-first heap   total reserved 3926016K, committed 10240K, used 3216K [0x0000000710600000, 0x0000000800000000)
  region size 2M, 2 eden (4M), 0 survivor (0M), 1 old (2M), 0 humongous (0M), 2 free (4M)
}
Event: 0.199 {heap After GC invocations=1 (full 0):
 garbage-first heap   total reserved 3926016K, committed 10240K, used 2608K [0x0000000710600000, 0x0000000800000000)
  region size 2M, 0 eden (0M), 1 survivor (2M), 1 old (2M), 0 humongous (0M), 3 free (6M)
}
Event: 0.270 {heap Before GC invocations=1 (full 0):
 garbage-first heap   total reserved 3926016K, committed 10240K, used 4656K [0x0000000710600000, 0x0000000800000000)
  region size 2M, 1 eden (2M), 1 survivor (2M), 1 old (2M), 0 humongous (0M), 2 free (4M)
}
Event: 0.273 {heap After GC invocations=2 (full 0):
 garbage-first heap   total reserved 3926016K, committed 10240K, used 2861K [0x0000000710600000, 0x0000000800000000)
  region size 2M, 0 eden (0M), 1 survivor (2M), 2 old (4M), 0 humongous (0M), 2 free (4M)
}
Event: 0.348 {heap Before GC invocations=2 (full 0):
 garbage-first heap   total reserved 3926016K, committed 10240K, used 4909K [0x0000000710600000, 0x0000000800000000)
  region size 2M, 1 eden (2M), 1 survivor (2M), 2 old (4M), 0 humongous (0M), 1 free (2M)
}
Event: 0.350 {heap After GC invocations=3 (full 0):
 garbage-first heap   total reserved 3926016K, committed 30720K, used 3081K [0x0000000710600000, 0x0000000800000000)
  region size 2M, 0 eden (0M), 1 survivor (2M), 2 old (4M), 0 humongous (0M), 12 free (24M)
}
Event: 0.457 {heap Before GC invocations=3 (full 0):
 garbage-first heap   total reserved 3926016K, committed 30720K, used 15369K [0x0000000710600000, 0x0000000800000000)
  region size 2M, 6 eden (12M), 1 survivor (2M), 2 old (4M), 0 humongous (0M), 6 free (12M)
}
Event: 0.460 {heap After GC invocations=4 (full 0):
 garbage-first heap   total reserved 3926016K, committed 30720K, used 3349K [0x0000000710600000, 0x0000000800000000)
  region size 2M, 0 eden (0M), 1 survivor (2M), 2 old (4M), 0 humongous (0M), 12 free (24M)
}
Event: 0.530 {heap Before GC invocations=4 (full 0):
 garbage-first heap   total reserved 3926016K, committed 30720K, used 17685K [0x0000000710600000, 0x0000000800000000)
  region size 2M, 7 eden (14M), 1 survivor (2M), 2 old (4M), 0 humongous (0M), 5 free (10M)
}
Event: 0.533 {heap After GC invocations=5 (full 0):
 garbage-first heap   total reserved 3926016K, committed 30720K, used 3322K [0x0000000710600000, 0x0000000800000000)
  region size 2M, 0 eden (0M), 1 survivor (2M), 2 old (4M), 0 humongous (0M), 12 free (24M)
}

Metaspace Usage History (10 events):
Event: 0.195 {metaspace Before GC invocations=0 (full 0):
 Metaspace       used 1023K, committed 1152K, reserved 1114112K
  class space    used 66K, committed 128K, reserved 1048576K
}
Event: 0.199 {metaspace After GC invocations=1 (full 0):
 Metaspace       used 1023K, committed 1152K, reserved 1114112K
  class space    used 66K, committed 128K, reserved 1048576K
}
Event: 0.270 {metaspace Before GC invocations=1 (full 0):
 Metaspace       used 2354K, committed 2496K, reserved 1114112K
  class space    used 208K, committed 256K, reserved 1048576K
}
Event: 0.273 {metaspace After GC invocations=2 (full 0):
 Metaspace       used 2354K, committed 2496K, reserved 1114112K
  class space    used 208K, committed 256K, reserved 1048576K
}
Event: 0.348 {metaspace Before GC invocations=2 (full 0):
 Metaspace       used 2586K, committed 2752K, reserved 1114112K
  class space    used 220K, committed 320K, reserved 1048576K
}
Event: 0.350 {metaspace After GC invocations=3 (full 0):
 Metaspace       used 2586K, committed 2752K, reserved 1114112K
  class space    used 220K, committed 320K, reserved 1048576K
}
Event: 0.457 {metaspace Before GC invocations=3 (full 0):
 Metaspace       used 2676K, committed 2880K, reserved 1114112K
  class space    used 224K, committed 320K, reserved 1048576K
}
Event: 0.460 {metaspace After GC invocations=4 (full 0):
 Metaspace       used 2676K, committed 2880K, reserved 1114112K
  class space    used 224K, committed 320K, reserved 1048576K
}
Event: 0.530 {metaspace Before GC invocations=4 (full 0):
 Metaspace       used 2692K, committed 2880K, reserved 1114112K
  class space    used 224K, committed 320K, reserved 1048576K
}
Event: 0.533 {metaspace After GC invocations=5 (full 0):
 Metaspace       used 2692K, committed 2880K, reserved 1114112K
  class space    used 224K, committed 320K, reserved 1048576K
}

Dll operation events (18 events):
Event: 0.004 Attempting to load shared library /home/luiz-felipe/.jdks/openjdk-26.0.1/lib/libjava.so
Event: 0.004 Loaded shared library /home/luiz-felipe/.jdks/openjdk-26.0.1/lib/libjava.so
Event: 0.004 Attempting to load shared library /home/luiz-felipe/.jdks/openjdk-26.0.1/lib/libzip.so
Event: 0.004 Loaded shared library /home/luiz-felipe/.jdks/openjdk-26.0.1/lib/libzip.so
Event: 0.029 Attempting to load shared library /home/luiz-felipe/.jdks/openjdk-26.0.1/lib/libsimdsort.so
Event: 0.029 Loaded shared library /home/luiz-felipe/.jdks/openjdk-26.0.1/lib/libsimdsort.so
Event: 0.077 Attempting to load shared library /home/luiz-felipe/.jdks/openjdk-26.0.1/lib/libinstrument.so
Event: 0.077 Loaded shared library /home/luiz-felipe/.jdks/openjdk-26.0.1/lib/libinstrument.so
Event: 0.104 Attempting to load shared library /home/luiz-felipe/.jdks/openjdk-26.0.1/lib/libzip.so
Event: 0.104 Loaded shared library /home/luiz-felipe/.jdks/openjdk-26.0.1/lib/libzip.so
Event: 0.108 Attempting to load shared library /home/luiz-felipe/.jdks/openjdk-26.0.1/lib/libnio.so
Event: 0.108 Loaded shared library /home/luiz-felipe/.jdks/openjdk-26.0.1/lib/libnio.so
Event: 0.109 Attempting to load shared library /home/luiz-felipe/.jdks/openjdk-26.0.1/lib/libjimage.so
Event: 0.109 Loaded shared library /home/luiz-felipe/.jdks/openjdk-26.0.1/lib/libjimage.so
Event: 0.202 Attempting to load shared library /home/luiz-felipe/.jdks/openjdk-26.0.1/lib/libnet.so
Event: 0.202 Loaded shared library /home/luiz-felipe/.jdks/openjdk-26.0.1/lib/libnet.so
Event: 0.220 Attempting to load shared library /home/luiz-felipe/.jdks/openjdk-26.0.1/lib/libextnet.so
Event: 0.220 Loaded shared library /home/luiz-felipe/.jdks/openjdk-26.0.1/lib/libextnet.so

Deoptimization events (20 events):
Event: 0.396 Thread 0x000072cfac02f770 DEOPT PACKING pc=0x000072cf942fe3ff sp=0x000072cfb09fe460
Event: 0.396 Thread 0x000072cfac02f770 DEOPT UNPACKING pc=0x000072cf9b7872ef sp=0x000072cfb09fd988 mode 0
Event: 0.396 Thread 0x000072cfac02f770 DEOPT PACKING pc=0x000072cf9432241c sp=0x000072cfb09fdf80
Event: 0.396 Thread 0x000072cfac02f770 DEOPT UNPACKING pc=0x000072cf9b7872ef sp=0x000072cfb09fd510 mode 0
Event: 0.397 Thread 0x000072cfac02f770 DEOPT PACKING pc=0x000072cf942fe3ff sp=0x000072cfb09fe460
Event: 0.397 Thread 0x000072cfac02f770 DEOPT UNPACKING pc=0x000072cf9b7872ef sp=0x000072cfb09fd988 mode 0
Event: 0.403 Thread 0x000072cfac02f770 DEOPT PACKING pc=0x000072cf94325277 sp=0x000072cfb09fe040
Event: 0.403 Thread 0x000072cfac02f770 DEOPT UNPACKING pc=0x000072cf9b7872ef sp=0x000072cfb09fd500 mode 0
Event: 0.404 Thread 0x000072cfac02f770 DEOPT PACKING pc=0x000072cf94325277 sp=0x000072cfb09fe040
Event: 0.404 Thread 0x000072cfac02f770 DEOPT UNPACKING pc=0x000072cf9b7872ef sp=0x000072cfb09fd500 mode 0
Event: 0.449 Thread 0x000072cfac02f770 Uncommon trap: trap_request=0xffffffcc fr.pc=0x000072cf9bd0c7dc relative=0x0000000000001c5c
Event: 0.449 Thread 0x000072cfac02f770 Uncommon trap: reason=intrinsic_or_type_checked_inlining action=make_not_entrant pc=0x000072cf9bd0c7dc method=java.util.ArrayList$SubList.toArray([Ljava/lang/Object;)[Ljava/lang/Object; @ 58 c2
Event: 0.449 Thread 0x000072cfac02f770 DEOPT PACKING pc=0x000072cf9bd0c7dc sp=0x000072cfb09fe400
Event: 0.449 Thread 0x000072cfac02f770 DEOPT UNPACKING pc=0x000072cf9b859379 sp=0x000072cfb09fe338 mode 2
Event: 0.461 Thread 0x000072cfac02f770 DEOPT PACKING pc=0x000072cf9433123a sp=0x000072cfb09fe5e0
Event: 0.461 Thread 0x000072cfac02f770 DEOPT UNPACKING pc=0x000072cf9b7872ef sp=0x000072cfb09fdab8 mode 0
Event: 0.462 Thread 0x000072cfac02f770 Uncommon trap: trap_request=0xffffff45 fr.pc=0x000072cf9bd0eadc relative=0x000000000000075c
Event: 0.462 Thread 0x000072cfac02f770 Uncommon trap: reason=unstable_if action=reinterpret pc=0x000072cf9bd0eadc method=datastructures.ListaArranjo.ListaArranjo.selectionSort()V @ 27 c2
Event: 0.462 Thread 0x000072cfac02f770 DEOPT PACKING pc=0x000072cf9bd0eadc sp=0x000072cfb09fe600
Event: 0.462 Thread 0x000072cfac02f770 DEOPT UNPACKING pc=0x000072cf9b859379 sp=0x000072cfb09fe5b8 mode 2

Classes loaded (20 events):
Event: 0.300 Loading class java/io/FileReader
Event: 0.300 Loading class java/io/FileReader done
Event: 0.300 Loading class java/util/Scanner
Event: 0.301 Loading class java/util/Scanner done
Event: 0.306 Loading class java/util/Scanner$PatternLRUCache
Event: 0.306 Loading class java/util/Scanner$PatternLRUCache done
Event: 0.307 Loading class jdk/internal/math/FloatingDecimal
Event: 0.307 Loading class jdk/internal/math/FloatingDecimal done
Event: 0.307 Loading class jdk/internal/math/FloatingDecimal$BinaryToASCIIBuffer
Event: 0.307 Loading class jdk/internal/math/FloatingDecimal$BinaryToASCIIBuffer done
Event: 0.308 Loading class java/lang/ThreadLocal$SuppliedThreadLocal
Event: 0.308 Loading class java/lang/ThreadLocal$SuppliedThreadLocal done
Event: 0.331 Loading class jdk/internal/math/FloatingDecimal$ASCIIToBinaryBuffer
Event: 0.331 Loading class jdk/internal/math/FloatingDecimal$ASCIIToBinaryBuffer done
Event: 0.418 Loading class java/util/Formatter$FormatSpecifierParser
Event: 0.418 Loading class java/util/Formatter$FormatSpecifierParser done
Event: 0.419 Loading class jdk/internal/math/FormattedFPDecimal
Event: 0.419 Loading class jdk/internal/math/FormattedFPDecimal done
Event: 0.427 Loading class java/util/Formatter$FixedString
Event: 0.427 Loading class java/util/Formatter$FixedString done

Classes unloaded (0 events):
No events

Classes redefined (0 events):
No events

Internal exceptions (9 events):
Event: 0.078 Thread 0x000072cfac02f770 Exception <a 'java/lang/NoSuchMethodError'{0x0000000710d30000}: 'void java.lang.invoke.DirectMethodHandle$Holder.invokeStatic(java.lang.Object, java.lang.Object, java.lang.Object)'> (0x0000000710d30000) 
thrown [open/src/hotspot/share/interpreter/linkResolver.cpp, line 803]
Event: 0.088 Thread 0x000072cfac02f770 Exception <a 'java/lang/NoSuchMethodError'{0x0000000710d65a30}: 'java.lang.Object java.lang.invoke.Invokers$Holder.invokeExact_MT(java.lang.Object, java.lang.Object, java.lang.Object, java.lang.Object, java.lang.Object)'> (0x0000000710d65a30) 
thrown [open/src/hotspot/share/interpreter/linkResolver.cpp, line 803]
Event: 0.169 Thread 0x000072cfac02f770 Exception <a 'java/lang/NoSuchMethodError'{0x0000000710b466e0}: 'java.lang.Object java.lang.invoke.DirectMethodHandle$Holder.invokeStatic(java.lang.Object, java.lang.Object, java.lang.Object, java.lang.Object, int)'> (0x0000000710b466e0) 
thrown [open/src/hotspot/share/interpreter/linkResolver.cpp, line 803]
Event: 0.173 Thread 0x000072cfac02f770 Exception <a 'java/lang/NoSuchMethodError'{0x0000000710b5fe90}: 'void java.lang.invoke.DelegatingMethodHandle$Holder.reinvoke_L(java.lang.Object, java.lang.Object, java.lang.Object, int)'> (0x0000000710b5fe90) 
thrown [open/src/hotspot/share/interpreter/linkResolver.cpp, line 803]
Event: 0.218 Thread 0x000072cfac1bcfa0 Exception <a 'java/lang/NoSuchMethodError'{0x0000000710cc09d0}: 'java.lang.Object java.lang.invoke.DirectMethodHandle$Holder.invokeStaticInit(java.lang.Object)'> (0x0000000710cc09d0) 
thrown [open/src/hotspot/share/interpreter/linkResolver.cpp, line 803]
Event: 0.222 Thread 0x000072cfac1bcfa0 Exception <a 'java/lang/NoSuchMethodError'{0x0000000710cd81b8}: 'void java.lang.invoke.DirectMethodHandle$Holder.invokeStatic(java.lang.Object, java.lang.Object)'> (0x0000000710cd81b8) 
thrown [open/src/hotspot/share/interpreter/linkResolver.cpp, line 803]
Event: 0.248 Thread 0x000072cfac02f770 Exception <a 'java/lang/NoSuchMethodError'{0x0000000710d70090}: 'java.lang.Object java.lang.invoke.Invokers$Holder.invoke_MT(java.lang.Object, java.lang.Object, java.lang.Object, java.lang.Object, java.lang.Object, java.lang.Object)'> (0x0000000710d70090) 
thrown [open/src/hotspot/share/interpreter/linkResolver.cpp, line 803]
Event: 0.259 Thread 0x000072cfac02f770 Exception <a 'java/lang/NoSuchMethodError'{0x0000000710dbde30}: 'java.lang.Object java.lang.invoke.DirectMethodHandle$Holder.newInvokeSpecial(java.lang.Object, int, java.lang.Object, java.lang.Object)'> (0x0000000710dbde30) 
thrown [open/src/hotspot/share/interpreter/linkResolver.cpp, line 803]
Event: 0.423 Thread 0x000072cfac02f770 Exception <a 'java/lang/NoSuchMethodError'{0x0000000711852288}: 'java.lang.Object java.lang.invoke.DelegatingMethodHandle$Holder.reinvoke_L(java.lang.Object, java.lang.Object, java.lang.Object, java.lang.Object, java.lang.Object, int, java.lang.Object)'> (0x0000000711852288) 
thrown [open/src/hotspot/share/interpreter/linkResolver.cpp, line 803]

VM Operations (10 events):
Event: 0.195 Executing safepoint VM operation: G1CollectForAllocation (G1 Evacuation Pause)
Event: 0.200 Executing safepoint VM operation: G1CollectForAllocation (G1 Evacuation Pause) done
Event: 0.270 Executing safepoint VM operation: G1CollectForAllocation (G1 Evacuation Pause)
Event: 0.273 Executing safepoint VM operation: G1CollectForAllocation (G1 Evacuation Pause) done
Event: 0.347 Executing safepoint VM operation: G1CollectForAllocation (G1 Evacuation Pause)
Event: 0.350 Executing safepoint VM operation: G1CollectForAllocation (G1 Evacuation Pause) done
Event: 0.457 Executing safepoint VM operation: G1CollectForAllocation (G1 Evacuation Pause)
Event: 0.460 Executing safepoint VM operation: G1CollectForAllocation (G1 Evacuation Pause) done
Event: 0.530 Executing safepoint VM operation: G1CollectForAllocation (G1 Evacuation Pause)
Event: 0.533 Executing safepoint VM operation: G1CollectForAllocation (G1 Evacuation Pause) done

Memory protections (14 events):
Event: 0.003 Protecting memory [0x000072cfb0900000,0x000072cfb0904000] with protection modes 0
Event: 0.011 Protecting memory [0x0000000023000000,0x0000000023001000] with protection modes 0
Event: 0.024 Protecting memory [0x000072cf7f4f6000,0x000072cf7f4fa000] with protection modes 0
Event: 0.027 Protecting memory [0x000072cf7f1f3000,0x000072cf7f1f7000] with protection modes 0
Event: 0.027 Protecting memory [0x000072cf7f0f3000,0x000072cf7f0f7000] with protection modes 0
Event: 0.028 Protecting memory [0x000072cf7eff3000,0x000072cf7eff7000] with protection modes 0
Event: 0.028 Protecting memory [0x000072cf7eef3000,0x000072cf7eef7000] with protection modes 0
Event: 0.028 Protecting memory [0x000072cf7edf3000,0x000072cf7edf7000] with protection modes 0
Event: 0.028 Protecting memory [0x000072cf7ecf3000,0x000072cf7ecf7000] with protection modes 0
Event: 0.092 Protecting memory [0x000072cf7ebf3000,0x000072cf7ebf7000] with protection modes 0
Event: 0.154 Protecting memory [0x000072cf7eaf3000,0x000072cf7eaf7000] with protection modes 0
Event: 0.193 Protecting memory [0x000072cf7e9f3000,0x000072cf7e9f7000] with protection modes 0
Event: 0.194 Protecting memory [0x000072cf7e8f3000,0x000072cf7e8f7000] with protection modes 0
Event: 0.394 Protecting memory [0x000072cf7e6f2000,0x000072cf7e6f6000] with protection modes 0

Nmethod flushes (0 events):
No events

Events (13 events):
Event: 0.011 Thread 0x000072cfac02f770 Thread added: 0x000072cfac02f770
Event: 0.024 Thread 0x000072cfac02f770 Thread added: 0x000072cfac1054c0
Event: 0.027 Thread 0x000072cfac02f770 Thread added: 0x000072cfac106670
Event: 0.027 Thread 0x000072cfac02f770 Thread added: 0x000072cfac108080
Event: 0.028 Thread 0x000072cfac02f770 Thread added: 0x000072cfac1098d0
Event: 0.028 Thread 0x000072cfac02f770 Thread added: 0x000072cfac10b110
Event: 0.028 Thread 0x000072cfac02f770 Thread added: 0x000072cfac10d2e0
Event: 0.028 Thread 0x000072cfac02f770 Thread added: 0x000072cfac10eca0
Event: 0.092 Thread 0x000072cfac02f770 Thread added: 0x000072cfac173f80
Event: 0.154 Thread 0x000072cfac10eca0 Thread added: 0x000072cf440ebb70
Event: 0.193 Thread 0x000072cfac02f770 Thread added: 0x000072cfac1bcfa0
Event: 0.193 Thread 0x000072cfac02f770 Thread added: 0x000072cfac1cf270
Event: 0.394 Thread 0x000072cfac10eca0 Thread added: 0x000072cf4428c050


Dynamic libraries:
23000000-23001000 ---p 00000000 00:00 0 
23001000-23da6000 rw-p 00001000 103:02 13524730                          /home/luiz-felipe/.jdks/openjdk-26.0.1/lib/server/classes.jsa
23da6000-24000000 ---p 00000000 00:00 0 
24000000-24040000 rw-p 00000000 00:00 0 
24040000-24050000 rw-p 00000000 00:00 0 
24050000-64000000 ---p 00000000 00:00 0 
710600000-712200000 rw-p 00000000 00:00 0 
712200000-7ffe00000 ---p 00000000 00:00 0 
7ffe00000-7fff25000 rw-p 00ddb000 103:02 13524730                        /home/luiz-felipe/.jdks/openjdk-26.0.1/lib/server/classes.jsa
7fff25000-800000000 rw-p 00000000 00:00 0 
56626fde3000-56626fde4000 r-xp 00000000 103:02 13517536                  /home/luiz-felipe/.jdks/openjdk-26.0.1/bin/java
56626fde5000-56626fde6000 r--p 00001000 103:02 13517536                  /home/luiz-felipe/.jdks/openjdk-26.0.1/bin/java
56626fde6000-56626fde7000 rw-p 00002000 103:02 13517536                  /home/luiz-felipe/.jdks/openjdk-26.0.1/bin/java
56629304b000-566293094000 rw-p 00000000 00:00 0                          [heap]
72cf2c000000-72cf2c6c7000 rw-p 00000000 00:00 0 
72cf2c6c7000-72cf30000000 ---p 00000000 00:00 0 
72cf34000000-72cf34021000 rw-p 00000000 00:00 0 
72cf34021000-72cf38000000 ---p 00000000 00:00 0 
72cf38000000-72cf38021000 rw-p 00000000 00:00 0 
72cf38021000-72cf3c000000 ---p 00000000 00:00 0 
72cf3c000000-72cf3c736000 rw-p 00000000 00:00 0 
72cf3c736000-72cf40000000 ---p 00000000 00:00 0 
72cf40000000-72cf4005d000 rw-p 00000000 00:00 0 
72cf4005d000-72cf44000000 ---p 00000000 00:00 0 
72cf44000000-72cf444d0000 rw-p 00000000 00:00 0 
72cf444d0000-72cf48000000 ---p 00000000 00:00 0 
72cf48000000-72cf48021000 rw-p 00000000 00:00 0 
72cf48021000-72cf4c000000 ---p 00000000 00:00 0 
72cf4c000000-72cf4c021000 rw-p 00000000 00:00 0 
72cf4c021000-72cf50000000 ---p 00000000 00:00 0 
72cf50000000-72cf507f7000 rw-p 00000000 00:00 0 
72cf507f7000-72cf54000000 ---p 00000000 00:00 0 
72cf54000000-72cf54021000 rw-p 00000000 00:00 0 
72cf54021000-72cf58000000 ---p 00000000 00:00 0 
72cf58000000-72cf58021000 rw-p 00000000 00:00 0 
72cf58021000-72cf5c000000 ---p 00000000 00:00 0 
72cf5c000000-72cf5c250000 rw-p 00000000 00:00 0 
72cf5c250000-72cf5c400000 ---p 00000000 00:00 0 
72cf5c400000-72cf5c430000 rw-p 00000000 00:00 0 
72cf5c430000-72cf60000000 ---p 00000000 00:00 0 
72cf60000000-72cf60021000 rw-p 00000000 00:00 0 
72cf60021000-72cf64000000 ---p 00000000 00:00 0 
72cf64000000-72cf64021000 rw-p 00000000 00:00 0 
72cf64021000-72cf68000000 ---p 00000000 00:00 0 
72cf68000000-72cf68021000 rw-p 00000000 00:00 0 
72cf68021000-72cf6c000000 ---p 00000000 00:00 0 
72cf6c000000-72cf6c021000 rw-p 00000000 00:00 0 
72cf6c021000-72cf70000000 ---p 00000000 00:00 0 
72cf70000000-72cf70021000 rw-p 00000000 00:00 0 
72cf70021000-72cf74000000 ---p 00000000 00:00 0 
72cf74000000-72cf74021000 rw-p 00000000 00:00 0 
72cf74021000-72cf78000000 ---p 00000000 00:00 0 
72cf78000000-72cf78021000 rw-p 00000000 00:00 0 
72cf78021000-72cf7c000000 ---p 00000000 00:00 0 
72cf7e6f2000-72cf7e6f6000 ---p 00000000 00:00 0 
72cf7e6f6000-72cf7e7f2000 rw-p 00000000 00:00 0 
72cf7e7f2000-72cf7e7f3000 ---p 00000000 00:00 0 
72cf7e7f3000-72cf7e8f3000 rw-p 00000000 00:00 0 
72cf7e8f3000-72cf7e8f7000 ---p 00000000 00:00 0 
72cf7e8f7000-72cf7e9f3000 rw-p 00000000 00:00 0 
72cf7e9f3000-72cf7e9f7000 ---p 00000000 00:00 0 
72cf7e9f7000-72cf7eaf3000 rw-p 00000000 00:00 0 
72cf7eaf3000-72cf7eaf7000 ---p 00000000 00:00 0 
72cf7eaf7000-72cf7ebf3000 rw-p 00000000 00:00 0 
72cf7ebf3000-72cf7ebf7000 ---p 00000000 00:00 0 
72cf7ebf7000-72cf7ecf3000 rw-p 00000000 00:00 0 
72cf7ecf3000-72cf7ecf7000 ---p 00000000 00:00 0 
72cf7ecf7000-72cf7edf3000 rw-p 00000000 00:00 0 
72cf7edf3000-72cf7edf7000 ---p 00000000 00:00 0 
72cf7edf7000-72cf7eef3000 rw-p 00000000 00:00 0 
72cf7eef3000-72cf7eef7000 ---p 00000000 00:00 0 
72cf7eef7000-72cf7eff3000 rw-p 00000000 00:00 0 
72cf7eff3000-72cf7eff7000 ---p 00000000 00:00 0 
72cf7eff7000-72cf7f0f3000 rw-p 00000000 00:00 0 
72cf7f0f3000-72cf7f0f7000 ---p 00000000 00:00 0 
72cf7f0f7000-72cf7f1f3000 rw-p 00000000 00:00 0 
72cf7f1f3000-72cf7f1f7000 ---p 00000000 00:00 0 
72cf7f1f7000-72cf7f2f3000 rw-p 00000000 00:00 0 
72cf7f2f3000-72cf7f2f4000 ---p 00000000 00:00 0 
72cf7f2f4000-72cf7f3f4000 rw-p 00000000 00:00 0 
72cf7f3f4000-72cf7f3f5000 ---p 00000000 00:00 0 
72cf7f3f5000-72cf7f4f5000 rw-p 00000000 00:00 0 
72cf7f4f5000-72cf7f4f6000 ---p 00000000 00:00 0 
72cf7f4f6000-72cf7f4fa000 ---p 00000000 00:00 0 
72cf7f4fa000-72cf7f5f6000 rw-p 00000000 00:00 0 
72cf7f5f6000-72cf7f5f7000 ---p 00000000 00:00 0 
72cf7f5f7000-72cf7f6f7000 rw-p 00000000 00:00 0 
72cf7f6f7000-72cf7f6f8000 ---p 00000000 00:00 0 
72cf7f6f8000-72cf7f7f8000 rw-p 00000000 00:00 0 
72cf7f7f8000-72cf7f7f9000 ---p 00000000 00:00 0 
72cf7f7f9000-72cf7f8f9000 rw-p 00000000 00:00 0 
72cf7f8f9000-72cf80021000 rw-p 00000000 00:00 0 
72cf80021000-72cf84000000 ---p 00000000 00:00 0 
72cf84000000-72cf84021000 rw-p 00000000 00:00 0 
72cf84021000-72cf88000000 ---p 00000000 00:00 0 
72cf88000000-72cf88021000 rw-p 00000000 00:00 0 
72cf88021000-72cf8c000000 ---p 00000000 00:00 0 
72cf8c0fd000-72cf8e400000 rw-p 00000000 00:00 0 
72cf8e494000-72cf8e495000 ---p 00000000 00:00 0 
72cf8e495000-72cf8e595000 rw-p 00000000 00:00 0 
72cf8e595000-72cf8e596000 ---p 00000000 00:00 0 
72cf8e596000-72cf8e696000 rw-p 00000000 00:00 0 
72cf8e696000-72cf8e697000 ---p 00000000 00:00 0 
72cf8e697000-72cf8e797000 rw-p 00000000 00:00 0 
72cf8e797000-72cf8e807000 rw-p 00000000 00:00 0 
72cf8e807000-72cf92377000 ---p 00000000 00:00 0 
72cf92377000-72cf9238d000 rw-p 00000000 00:00 0 
72cf9238d000-72cf92afb000 ---p 00000000 00:00 0 
72cf92afb000-72cf92b0a000 rw-p 00000000 00:00 0 
72cf92b0a000-72cf93278000 ---p 00000000 00:00 0 
72cf93278000-72cf93287000 rw-p 00000000 00:00 0 
72cf93287000-72cf939f5000 ---p 00000000 00:00 0 
72cf939f5000-72cf941fe000 rw-p 00000000 00:00 0 
72cf941fe000-72cf9446e000 rwxp 00000000 00:00 0 
72cf9446e000-72cf9b736000 ---p 00000000 00:00 0 
72cf9b736000-72cf9b9a6000 rwxp 00000000 00:00 0 
72cf9b9a6000-72cf9bcc8000 ---p 00000000 00:00 0 
72cf9bcc8000-72cf9bf38000 rwxp 00000000 00:00 0 
72cf9bf38000-72cfa3200000 ---p 00000000 00:00 0 
72cfa3200000-72cfabec7000 r--s 00000000 103:02 13524699                  /home/luiz-felipe/.jdks/openjdk-26.0.1/lib/modules
72cfabeff000-72cfac252000 rw-p 00000000 00:00 0 
72cfac252000-72cfb0000000 ---p 00000000 00:00 0 
72cfb0014000-72cfb011a000 rw-p 00000000 00:00 0 
72cfb011a000-72cfb0200000 ---p 00000000 00:00 0 
72cfb0200000-72cfb0777000 r--p 00000000 103:02 6029662                   /usr/lib/locale/locale-archive
72cfb0779000-72cfb07b7000 r-xp 00000000 103:02 13524692                  /home/luiz-felipe/.jdks/openjdk-26.0.1/lib/libsimdsort.so
72cfb07b7000-72cfb07b8000 ---p 0003e000 103:02 13524692                  /home/luiz-felipe/.jdks/openjdk-26.0.1/lib/libsimdsort.so
72cfb07b8000-72cfb07b9000 r--p 0003e000 103:02 13524692                  /home/luiz-felipe/.jdks/openjdk-26.0.1/lib/libsimdsort.so
72cfb07b9000-72cfb07ba000 rw-p 0003f000 103:02 13524692                  /home/luiz-felipe/.jdks/openjdk-26.0.1/lib/libsimdsort.so
72cfb07ba000-72cfb081a000 rw-p 00000000 00:00 0 
72cfb081a000-72cfb0900000 ---p 00000000 00:00 0 
72cfb0900000-72cfb0904000 ---p 00000000 00:00 0 
72cfb0904000-72cfb0a00000 rw-p 00000000 00:00 0 
72cfb0a00000-72cfb1ea9000 r-xp 00000000 103:02 13524800                  /home/luiz-felipe/.jdks/openjdk-26.0.1/lib/server/libjvm.so
72cfb1ea9000-72cfb1f98000 r--p 014a8000 103:02 13524800                  /home/luiz-felipe/.jdks/openjdk-26.0.1/lib/server/libjvm.so
72cfb1f98000-72cfb1fc1000 rw-p 01597000 103:02 13524800                  /home/luiz-felipe/.jdks/openjdk-26.0.1/lib/server/libjvm.so
72cfb1fc1000-72cfb2044000 rw-p 00000000 00:00 0 
72cfb2055000-72cfb2117000 rw-p 00000000 00:00 0 
72cfb2117000-72cfb2127000 r--p 00000000 103:02 6065272                   /usr/lib/x86_64-linux-gnu/libm.so.6
72cfb2127000-72cfb21a6000 r-xp 00010000 103:02 6065272                   /usr/lib/x86_64-linux-gnu/libm.so.6
72cfb21a6000-72cfb21fe000 r--p 0008f000 103:02 6065272                   /usr/lib/x86_64-linux-gnu/libm.so.6
72cfb21fe000-72cfb21ff000 r--p 000e7000 103:02 6065272                   /usr/lib/x86_64-linux-gnu/libm.so.6
72cfb21ff000-72cfb2200000 rw-p 000e8000 103:02 6065272                   /usr/lib/x86_64-linux-gnu/libm.so.6
72cfb2200000-72cfb2228000 r--p 00000000 103:02 6065269                   /usr/lib/x86_64-linux-gnu/libc.so.6
72cfb2228000-72cfb23b0000 r-xp 00028000 103:02 6065269                   /usr/lib/x86_64-linux-gnu/libc.so.6
72cfb23b0000-72cfb23ff000 r--p 001b0000 103:02 6065269                   /usr/lib/x86_64-linux-gnu/libc.so.6
72cfb23ff000-72cfb2403000 r--p 001fe000 103:02 6065269                   /usr/lib/x86_64-linux-gnu/libc.so.6
72cfb2403000-72cfb2405000 rw-p 00202000 103:02 6065269                   /usr/lib/x86_64-linux-gnu/libc.so.6
72cfb2405000-72cfb2412000 rw-p 00000000 00:00 0 
72cfb2423000-72cfb242a000 r--s 00000000 103:02 6065258                   /usr/lib/x86_64-linux-gnu/gconv/gconv-modules.cache
72cfb242a000-72cfb242c000 r-xp 00000000 103:02 13524493                  /home/luiz-felipe/.jdks/openjdk-26.0.1/lib/libextnet.so
72cfb242c000-72cfb242d000 r--p 00001000 103:02 13524493                  /home/luiz-felipe/.jdks/openjdk-26.0.1/lib/libextnet.so
72cfb242d000-72cfb242e000 rw-p 00002000 103:02 13524493                  /home/luiz-felipe/.jdks/openjdk-26.0.1/lib/libextnet.so
72cfb242e000-72cfb2439000 r-xp 00000000 103:02 13524632                  /home/luiz-felipe/.jdks/openjdk-26.0.1/lib/libnet.so
72cfb2439000-72cfb243a000 ---p 0000b000 103:02 13524632                  /home/luiz-felipe/.jdks/openjdk-26.0.1/lib/libnet.so
72cfb243a000-72cfb243b000 r--p 0000b000 103:02 13524632                  /home/luiz-felipe/.jdks/openjdk-26.0.1/lib/libnet.so
72cfb243b000-72cfb243c000 rw-p 0000c000 103:02 13524632                  /home/luiz-felipe/.jdks/openjdk-26.0.1/lib/libnet.so
72cfb243c000-72cfb2450000 r-xp 00000000 103:02 13524679                  /home/luiz-felipe/.jdks/openjdk-26.0.1/lib/libnio.so
72cfb2450000-72cfb2451000 r--p 00013000 103:02 13524679                  /home/luiz-felipe/.jdks/openjdk-26.0.1/lib/libnio.so
72cfb2451000-72cfb2452000 rw-p 00014000 103:02 13524679                  /home/luiz-felipe/.jdks/openjdk-26.0.1/lib/libnio.so
72cfb2452000-72cfb2497000 rw-p 00000000 00:00 0 
72cfb2497000-72cfb249e000 ---p 00000000 00:00 0 
72cfb249e000-72cfb24a7000 r--s 00108000 103:02 16006590                  /home/luiz-felipe/.local/share/JetBrains/Toolbox/apps/intellij-idea-2/lib/intellij.platform.coverage.agent.jar
72cfb24a7000-72cfb24ae000 r-xp 00000000 103:02 13524696                  /home/luiz-felipe/.jdks/openjdk-26.0.1/lib/libzip.so
72cfb24ae000-72cfb24af000 ---p 00007000 103:02 13524696                  /home/luiz-felipe/.jdks/openjdk-26.0.1/lib/libzip.so
72cfb24af000-72cfb24b0000 r--p 00007000 103:02 13524696                  /home/luiz-felipe/.jdks/openjdk-26.0.1/lib/libzip.so
72cfb24b0000-72cfb24b1000 rw-p 00008000 103:02 13524696                  /home/luiz-felipe/.jdks/openjdk-26.0.1/lib/libzip.so
72cfb24b1000-72cfb24d1000 r-xp 00000000 103:02 13524580                  /home/luiz-felipe/.jdks/openjdk-26.0.1/lib/libjava.so
72cfb24d1000-72cfb24d2000 r--p 0001f000 103:02 13524580                  /home/luiz-felipe/.jdks/openjdk-26.0.1/lib/libjava.so
72cfb24d2000-72cfb24d3000 rw-p 00020000 103:02 13524580                  /home/luiz-felipe/.jdks/openjdk-26.0.1/lib/libjava.so
72cfb24d3000-72cfb24d4000 rw-p 00000000 00:00 0 
72cfb24d4000-72cfb24f4000 r-xp 00000000 103:02 13524606                  /home/luiz-felipe/.jdks/openjdk-26.0.1/lib/libjimage.so
72cfb24f4000-72cfb24f5000 ---p 00020000 103:02 13524606                  /home/luiz-felipe/.jdks/openjdk-26.0.1/lib/libjimage.so
72cfb24f5000-72cfb24f7000 r--p 00020000 103:02 13524606                  /home/luiz-felipe/.jdks/openjdk-26.0.1/lib/libjimage.so
72cfb24f7000-72cfb24f8000 rw-p 00022000 103:02 13524606                  /home/luiz-felipe/.jdks/openjdk-26.0.1/lib/libjimage.so
72cfb24f8000-72cfb24f9000 r--p 00000000 103:02 6065283                   /usr/lib/x86_64-linux-gnu/librt.so.1
72cfb24f9000-72cfb24fa000 r-xp 00001000 103:02 6065283                   /usr/lib/x86_64-linux-gnu/librt.so.1
72cfb24fa000-72cfb24fb000 r--p 00002000 103:02 6065283                   /usr/lib/x86_64-linux-gnu/librt.so.1
72cfb24fb000-72cfb24fc000 r--p 00002000 103:02 6065283                   /usr/lib/x86_64-linux-gnu/librt.so.1
72cfb24fc000-72cfb24fd000 rw-p 00003000 103:02 6065283                   /usr/lib/x86_64-linux-gnu/librt.so.1
72cfb24fd000-72cfb2501000 rw-p 00000000 00:00 0 
72cfb2501000-72cfb2502000 r--p 00000000 103:02 6065281                   /usr/lib/x86_64-linux-gnu/libpthread.so.0
72cfb2502000-72cfb2503000 r-xp 00001000 103:02 6065281                   /usr/lib/x86_64-linux-gnu/libpthread.so.0
72cfb2503000-72cfb2504000 r--p 00002000 103:02 6065281                   /usr/lib/x86_64-linux-gnu/libpthread.so.0
72cfb2504000-72cfb2505000 r--p 00002000 103:02 6065281                   /usr/lib/x86_64-linux-gnu/libpthread.so.0
72cfb2505000-72cfb2506000 rw-p 00003000 103:02 6065281                   /usr/lib/x86_64-linux-gnu/libpthread.so.0
72cfb2506000-72cfb2507000 r--p 00000000 103:02 6065271                   /usr/lib/x86_64-linux-gnu/libdl.so.2
72cfb2507000-72cfb2508000 r-xp 00001000 103:02 6065271                   /usr/lib/x86_64-linux-gnu/libdl.so.2
72cfb2508000-72cfb2509000 r--p 00002000 103:02 6065271                   /usr/lib/x86_64-linux-gnu/libdl.so.2
72cfb2509000-72cfb250a000 r--p 00002000 103:02 6065271                   /usr/lib/x86_64-linux-gnu/libdl.so.2
72cfb250a000-72cfb250b000 rw-p 00003000 103:02 6065271                   /usr/lib/x86_64-linux-gnu/libdl.so.2
72cfb250b000-72cfb250d000 r--p 00000000 103:02 6041364                   /usr/lib/x86_64-linux-gnu/libz.so.1.3
72cfb250d000-72cfb251f000 r-xp 00002000 103:02 6041364                   /usr/lib/x86_64-linux-gnu/libz.so.1.3
72cfb251f000-72cfb2525000 r--p 00014000 103:02 6041364                   /usr/lib/x86_64-linux-gnu/libz.so.1.3
72cfb2525000-72cfb2526000 r--p 0001a000 103:02 6041364                   /usr/lib/x86_64-linux-gnu/libz.so.1.3
72cfb2526000-72cfb2527000 rw-p 0001b000 103:02 6041364                   /usr/lib/x86_64-linux-gnu/libz.so.1.3
72cfb2529000-72cfb2531000 rw-s 00000000 103:02 263149                    /tmp/hsperfdata_luiz-felipe/19301
72cfb2531000-72cfb253b000 r-xp 00000000 103:02 13524504                  /home/luiz-felipe/.jdks/openjdk-26.0.1/lib/libinstrument.so
72cfb253b000-72cfb253c000 ---p 0000a000 103:02 13524504                  /home/luiz-felipe/.jdks/openjdk-26.0.1/lib/libinstrument.so
72cfb253c000-72cfb253d000 r--p 0000a000 103:02 13524504                  /home/luiz-felipe/.jdks/openjdk-26.0.1/lib/libinstrument.so
72cfb253d000-72cfb253e000 rw-p 0000b000 103:02 13524504                  /home/luiz-felipe/.jdks/openjdk-26.0.1/lib/libinstrument.so
72cfb253e000-72cfb253f000 ---p 00000000 00:00 0 
72cfb253f000-72cfb2540000 r--p 00000000 00:00 0 
72cfb2540000-72cfb2541000 ---p 00000000 00:00 0 
72cfb2541000-72cfb2550000 r-xp 00000000 103:02 13524612                  /home/luiz-felipe/.jdks/openjdk-26.0.1/lib/libjli.so
72cfb2550000-72cfb2551000 r--p 0000e000 103:02 13524612                  /home/luiz-felipe/.jdks/openjdk-26.0.1/lib/libjli.so
72cfb2551000-72cfb2552000 rw-p 0000f000 103:02 13524612                  /home/luiz-felipe/.jdks/openjdk-26.0.1/lib/libjli.so
72cfb2552000-72cfb2554000 rw-p 00000000 00:00 0 
72cfb2554000-72cfb2558000 r--p 00000000 00:00 0                          [vvar]
72cfb2558000-72cfb255a000 r--p 00000000 00:00 0                          [vvar_vclock]
72cfb255a000-72cfb255c000 r-xp 00000000 00:00 0                          [vdso]
72cfb255c000-72cfb255d000 r--p 00000000 103:02 6065266                   /usr/lib/x86_64-linux-gnu/ld-linux-x86-64.so.2
72cfb255d000-72cfb2588000 r-xp 00001000 103:02 6065266                   /usr/lib/x86_64-linux-gnu/ld-linux-x86-64.so.2
72cfb2588000-72cfb2592000 r--p 0002c000 103:02 6065266                   /usr/lib/x86_64-linux-gnu/ld-linux-x86-64.so.2
72cfb2592000-72cfb2594000 r--p 00036000 103:02 6065266                   /usr/lib/x86_64-linux-gnu/ld-linux-x86-64.so.2
72cfb2594000-72cfb2596000 rw-p 00038000 103:02 6065266                   /usr/lib/x86_64-linux-gnu/ld-linux-x86-64.so.2
7ffd9b5b3000-7ffd9b5d4000 rw-p 00000000 00:00 0                          [stack]
ffffffffff600000-ffffffffff601000 --xp 00000000 00:00 0                  [vsyscall]
Total number of mappings: 218

JVMTI agents:
/home/luiz-felipe/.local/share/JetBrains/Toolbox/apps/intellij-idea-2/lib/intellij.platform.coverage.agent.jar path:none, loaded, initialized, instrumentlib options:/tmp/coverageargs
/home/luiz-felipe/.local/share/JetBrains/Toolbox/apps/intellij-idea-2/lib/idea_rt.jar path:none, loaded, initialized, instrumentlib options:38291


VM Arguments:
jvm_args: -javaagent:/home/luiz-felipe/.local/share/JetBrains/Toolbox/apps/intellij-idea-2/lib/intellij.platform.coverage.agent.jar=/tmp/coverageargs -Didea.coverage.calculate.hits=true -javaagent:/home/luiz-felipe/.local/share/JetBrains/Toolbox/apps/intellij-idea-2/lib/idea_rt.jar=38291 -Dfile.encoding=UTF-8 -Dsun.stdout.encoding=UTF-8 -Dsun.stderr.encoding=UTF-8 
java_command: TesteOrdenacao
java_class_path (initial): /home/luiz-felipe/Documents/UFS/3rd_semester/Data Structure/1st_project/analise-estrutura-de-dados/out/production/analiseEstruturaDados
Launcher Type: SUN_STANDARD

[Global flags]
     bool AOTAdapterCaching                        = false                                  {diagnostic} {ergonomic}
     bool AOTInvokeDynamicLinking                  = false                                  {diagnostic} {ergonomic}
     bool AOTRecordTraining                        = false                                  {diagnostic} {ergonomic}
     bool AOTReplayTraining                        = false                                  {diagnostic} {ergonomic}
     bool AOTStubCaching                           = false                                  {diagnostic} {ergonomic}
     intx CICompilerCount                          = 4                                         {product} {ergonomic}
     uint ConcGCThreads                            = 3                                         {product} {ergonomic}
     uint G1ConcRefinementThreads                  = 10                                        {product} {ergonomic}
     uint G1EagerReclaimRemSetThreshold            = 16                                   {experimental} {ergonomic}
   size_t G1HeapRegionSize                         = 2097152                                   {product} {ergonomic}
     uint G1RemSetArrayOfCardsEntries              = 16                                   {experimental} {ergonomic}
     uint G1RemSetHowlMaxNumBuckets                = 8                                    {experimental} {ergonomic}
     uint G1RemSetHowlNumBuckets                   = 8                                    {experimental} {ergonomic}
   size_t InitialHeapSize                          = 8388608                                   {product} {ergonomic}
     bool IntelJccErratumMitigation                = false                             {ARCH diagnostic} {ergonomic}
   size_t MarkStackSize                            = 4194304                                   {product} {ergonomic}
   size_t MarkStackSizeMax                         = 536870912                                 {product} {ergonomic}
   size_t MaxHeapSize                              = 4020240384                                {product} {ergonomic}
   size_t MaxNewSize                               = 2411724800                                {product} {ergonomic}
 uint64_t MaxRAM                                   = 16080068608                               {product} {ergonomic}
   size_t MinHeapDeltaBytes                        = 2097152                                   {product} {ergonomic}
   size_t MinHeapSize                              = 8388608                                   {product} {ergonomic}
   size_t NonNMethodCodeHeapSize                   = 5840896                                {pd product} {ergonomic}
   size_t NonProfiledCodeHeapSize                  = 122912768                              {pd product} {ergonomic}
   size_t ProfiledCodeHeapSize                     = 122912768                              {pd product} {ergonomic}
   size_t ReservedCodeCacheSize                    = 251666432                              {pd product} {ergonomic}
     bool SegmentedCodeCache                       = true                                      {product} {ergonomic}
   size_t SoftMaxHeapSize                          = 4020240384                             {manageable} {ergonomic}
     bool THPStackMitigation                       = false                                  {diagnostic} {ergonomic}
     bool UseCompressedOops                        = true                           {product lp64_product} {ergonomic}
     bool UseCondCardMark                          = true                                      {product} {ergonomic}
     bool UseFastUnorderedTimeStamps               = true                                 {experimental} {ergonomic}
     bool UseG1GC                                  = true                                      {product} {ergonomic}
      int X86ICacheSync                            = 3                                 {ARCH diagnostic} {ergonomic}

Logging:
Log output configuration:
 #0: stdout all=warning uptime,level,tags foldmultilines=false
 #1: stderr all=off uptime,level,tags foldmultilines=false

Release file:
IMPLEMENTOR="Oracle Corporation"
JAVA_RUNTIME_VERSION="26.0.1+8-34"
JAVA_VERSION="26.0.1"
JAVA_VERSION_DATE="2026-04-21"
LIBC="gnu"
MODULES="java.base java.compiler java.datatransfer java.xml java.prefs java.desktop java.instrument java.logging java.management java.security.sasl java.naming java.rmi java.management.rmi java.net.http java.scripting java.security.jgss java.transaction.xa java.sql java.sql.rowset java.xml.crypto java.se java.smartcardio jdk.accessibility jdk.internal.jvmstat jdk.attach jdk.charsets jdk.internal.opt jdk.zipfs jdk.compiler jdk.crypto.cryptoki jdk.crypto.ec jdk.dynalink jdk.internal.ed jdk.editpad jdk.internal.vm.ci jdk.graal.compiler jdk.graal.compiler.management jdk.hotspot.agent jdk.httpserver jdk.incubator.vector jdk.internal.le jdk.internal.md jdk.jartool jdk.javadoc jdk.jcmd jdk.management jdk.management.agent jdk.jconsole jdk.jdeps jdk.jdwp.agent jdk.jdi jdk.jfr jdk.jlink jdk.jpackage jdk.jshell jdk.jstatd jdk.localedata jdk.management.jfr jdk.naming.dns jdk.naming.rmi jdk.net jdk.nio.mapmode jdk.sctp jdk.security.auth jdk.security.jgss jdk.unsupported jdk.unsupported.desktop jdk.xml.dom"
OS_ARCH="x86_64"
OS_NAME="Linux"
SOURCE=".:git:fcc00fc4aee7"

Environment Variables:
PATH=/home/luiz-felipe/.nvm/versions/node/v23.5.0/bin:/usr/local/sbin:/usr/local/bin:/usr/sbin:/usr/bin:/sbin:/bin:/usr/games:/usr/local/games:/snap/bin:/snap/bin:/home/luiz-felipe/.local/share/JetBrains/Toolbox/scripts
USERNAME=luiz-felipe
SHELL=/bin/bash
DISPLAY=:0
WAYLAND_DISPLAY=wayland-0
LANG=en_US.UTF-8
LC_NUMERIC=en_US.UTF-8
LC_TIME=en_US.UTF-8

Active Locale:
LC_ALL=en_US.UTF-8
LC_COLLATE=en_US.UTF-8
LC_CTYPE=en_US.UTF-8
LC_MESSAGES=en_US.UTF-8
LC_MONETARY=en_US.UTF-8
LC_NUMERIC=en_US.UTF-8
LC_TIME=en_US.UTF-8

Signal Handlers:
   SIGSEGV: crash_handler in libjvm.so, mask=11100100010111111101111111111110, flags=SA_RESTART|SA_SIGINFO, unblocked
    SIGBUS: crash_handler in libjvm.so, mask=11100100010111111101111111111110, flags=SA_RESTART|SA_SIGINFO, unblocked
    SIGFPE: crash_handler in libjvm.so, mask=11100100010111111101111111111110, flags=SA_RESTART|SA_SIGINFO, unblocked
   SIGPIPE: javaSignalHandler in libjvm.so, mask=11100100010111111101111111111110, flags=SA_RESTART|SA_SIGINFO, blocked
   SIGXFSZ: javaSignalHandler in libjvm.so, mask=11100100010111111101111111111110, flags=SA_RESTART|SA_SIGINFO, blocked
    SIGILL: crash_handler in libjvm.so, mask=11100100010111111101111111111110, flags=SA_RESTART|SA_SIGINFO, unblocked
   SIGUSR2: SR_handler in libjvm.so, mask=00000000000000000000000000000000, flags=SA_RESTART|SA_SIGINFO, blocked
    SIGHUP: UserHandler in libjvm.so, mask=11100100010111111101111111111110, flags=SA_RESTART|SA_SIGINFO, blocked
    SIGINT: UserHandler in libjvm.so, mask=11100100010111111101111111111110, flags=SA_RESTART|SA_SIGINFO, blocked
   SIGTERM: UserHandler in libjvm.so, mask=11100100010111111101111111111110, flags=SA_RESTART|SA_SIGINFO, blocked
   SIGQUIT: UserHandler in libjvm.so, mask=11100100010111111101111111111110, flags=SA_RESTART|SA_SIGINFO, blocked
   SIGTRAP: crash_handler in libjvm.so, mask=11100100010111111101111111111110, flags=SA_RESTART|SA_SIGINFO, unblocked


Compilation memory statistics disabled.

Periodic native trim disabled

---------------  S Y S T E M  ---------------

OS:
DISTRIB_ID=Ubuntu
DISTRIB_RELEASE=24.04
DISTRIB_CODENAME=noble
DISTRIB_DESCRIPTION="Ubuntu 24.04.4 LTS"
uname: Linux 6.17.0-35-generic #35~24.04.1-Ubuntu SMP PREEMPT_DYNAMIC Tue May 26 19:30:42 UTC 2 x86_64
OS uptime: 0 days 11:41 hours
libc: glibc 2.39 NPTL 2.39 
rlimit (soft/hard): STACK 8192k/infinity , CORE 0k/infinity , NPROC 60624/60624 , NOFILE 1048576/1048576 , AS infinity/infinity , CPU infinity/infinity , DATA infinity/infinity , FSIZE infinity/infinity , MEMLOCK 1962896k/1962896k
load average: 1.12 1.30 1.28

/proc/meminfo:
MemTotal:       15703192 kB
MemFree:          993868 kB
MemAvailable:    6290156 kB
Buffers:          336612 kB
Cached:          5119160 kB
SwapCached:            4 kB
Active:          5917100 kB
Inactive:        6039648 kB
Active(anon):    4156320 kB
Inactive(anon):  2549692 kB
Active(file):    1760780 kB
Inactive(file):  3489956 kB
Unevictable:         104 kB
Mlocked:             104 kB
SwapTotal:       4194300 kB
SwapFree:        4194296 kB
Zswap:                 0 kB
Zswapped:              0 kB
Dirty:             24420 kB
Writeback:             0 kB
AnonPages:       6501952 kB
Mapped:          2197316 kB
Shmem:            205020 kB
KReclaimable:     380216 kB
Slab:             697692 kB
SReclaimable:     380216 kB
SUnreclaim:       317476 kB
KernelStack:       26784 kB
PageTables:        77372 kB
SecPageTables:      3108 kB
NFS_Unstable:          0 kB
Bounce:                0 kB
WritebackTmp:          0 kB
CommitLimit:    12045896 kB
Committed_AS:   28768076 kB
VmallocTotal:   34359738367 kB
VmallocUsed:       91288 kB
VmallocChunk:          0 kB
Percpu:            12864 kB
HardwareCorrupted:     0 kB
AnonHugePages:         0 kB
ShmemHugePages:        0 kB
ShmemPmdMapped:        0 kB
FileHugePages:      8192 kB
FilePmdMapped:         0 kB
CmaTotal:              0 kB
CmaFree:               0 kB
Unaccepted:            0 kB
Balloon:               0 kB
HugePages_Total:       0
HugePages_Free:        0
HugePages_Rsvd:        0
HugePages_Surp:        0
Hugepagesize:       2048 kB
Hugetlb:               0 kB
DirectMap4k:     2497220 kB
DirectMap2M:    12554240 kB
DirectMap1G:     2097152 kB

/sys/kernel/mm/transparent_hugepage/enabled: always [madvise] never
/sys/kernel/mm/transparent_hugepage/hpage_pmd_size: 2097152
/sys/kernel/mm/transparent_hugepage/shmem_enabled: always within_size advise [never] deny force
/sys/kernel/mm/transparent_hugepage/defrag (defrag/compaction efforts parameter): always defer defer+madvise [madvise] never

Process Memory:
Virtual Size: 7085112K (peak: 7150620K)
Resident Set Size: 91448K (peak: 91448K) (anon: 66008K, file: 25440K, shmem: 0K)
Swapped out: 0K
C-Heap outstanding allocations: 39323K, retained: 14936K
glibc malloc tunables: (default)

/proc/sys/kernel/threads-max (system-wide limit on the number of threads): 121249
/proc/sys/vm/max_map_count (maximum number of memory map areas a process may have): 1048576
/proc/sys/vm/swappiness (control to define how aggressively the kernel swaps out anonymous memory): 60
/proc/sys/kernel/pid_max (system-wide limit on number of process identifiers): 4194304

container information not found.
Steal ticks since vm start: 0
Steal ticks percentage since vm start:  0.000

CPU: total 12 (initial active 12) (6 cores per cpu, 2 threads per core) family 23 model 104 stepping 1 microcode 0x8608108, cx8, cmov, fxsr, ht, mmx, 3dnowpref, sse, sse2, sse3, ssse3, sse4a, sse4.1, sse4.2, popcnt, lzcnt, tsc, tscinvbit, avx, avx2, aes, clmul, bmi1, bmi2, adx, sha, fma, vzeroupper, clflush, clflushopt, clwb, rdtscp, rdpid, f16c
CPU Model and flags from /proc/cpuinfo:
model name	: AMD Ryzen 5 5500U with Radeon Graphics
flags		: fpu vme de pse tsc msr pae mce cx8 apic sep mtrr pge mca cmov pat pse36 clflush mmx fxsr sse sse2 ht syscall nx mmxext fxsr_opt pdpe1gb rdtscp lm constant_tsc rep_good nopl xtopology nonstop_tsc cpuid extd_apicid aperfmperf rapl pni pclmulqdq monitor ssse3 fma cx16 sse4_1 sse4_2 movbe popcnt aes xsave avx f16c rdrand lahf_lm cmp_legacy svm extapic cr8_legacy abm sse4a misalignsse 3dnowprefetch osvw ibs skinit wdt tce topoext perfctr_core perfctr_nb bpext perfctr_llc mwaitx cpb cat_l3 cdp_l3 hw_pstate ssbd mba ibrs ibpb stibp vmmcall fsgsbase bmi1 avx2 smep bmi2 cqm rdt_a rdseed adx smap clflushopt clwb sha_ni xsaveopt xsavec xgetbv1 cqm_llc cqm_occup_llc cqm_mbm_total cqm_mbm_local clzero irperf xsaveerptr rdpru wbnoinvd cppc arat npt lbrv svm_lock nrip_save tsc_scale vmcb_clean flushbyasid decodeassists pausefilter pfthreshold avic v_vmsave_vmload vgif v_spec_ctrl umip rdpid overflow_recov succor smca

Online cpus: 0-11
Offline cpus: 
BIOS frequency limitation: <Not Available>
Frequency switch latency (ns): 0
Available cpu frequencies: <Not Available>
Current governor: powersave
Core performance/turbo boost: 1

Memory: 4k page, physical 15703192k(6290156k free), swap 4194300k(4194296k free)
Page Sizes: 4k

vm_info: OpenJDK 64-Bit Server VM (26.0.1+8-34) for linux-amd64 JRE (26.0.1+8-34), built on 2026-03-10T17:24:10Z with gcc 14.2.0

END.
